
> build
> vite build

[36mvite v7.3.1 [32mbuilding client environment for production...[36m[39m
[plugin @laravel/vite-plugin-wayfinder] Types generated for actions, routes, form variants
transforming...
[32m✓[39m 3221 modules transformed.
rendering chunks...
computing gzip size...
[2mpublic/build/[22m[32mmanifest.json                                                               [39m[1m[2m 60.46 kB[22m[1m[22m[2m │ gzip:   5.20 kB[22m
[2mpublic/build/[22m[35massets/Index-BfmnHBte.css                                                   [39m[1m[2m  0.20 kB[22m[1m[22m[2m │ gzip:   0.13 kB[22m
[2mpublic/build/[22m[35massets/index-C7MMbKvf.css                                                   [39m[1m[2m  0.29 kB[22m[1m[22m[2m │ gzip:   0.20 kB[22m
[2mpublic/build/[22m[35massets/Index-BUBf31DV.css                                                   [39m[1m[2m  0.42 kB[22m[1m[22m[2m │ gzip:   0.22 kB[22m
[2mpublic/build/[22m[35massets/AppSidebarLayout-C66usCqP.css                                        [39m[1m[2m  0.55 kB[22m[1m[22m[2m │ gzip:   0.27 kB[22m
[2mpublic/build/[22m[35massets/Index-CkTHMVQ3.css                                                   [39m[1m[2m  0.64 kB[22m[1m[22m[2m │ gzip:   0.25 kB[22m
[2mpublic/build/[22m[35massets/Index-ZgkIHsf0.css                                                   [39m[1m[2m  0.86 kB[22m[1m[22m[2m │ gzip:   0.40 kB[22m
[2mpublic/build/[22m[35massets/Landing-BKxCuKRI.css                                                 [39m[1m[2m  1.60 kB[22m[1m[22m[2m │ gzip:   0.47 kB[22m
[2mpublic/build/[22m[35massets/app-DDbAgoTg.css                                                     [39m[1m[2m229.92 kB[22m[1m[22m[2m │ gzip:  32.94 kB[22m
[2mpublic/build/[22m[36massets/_plugin-vue_export-helper-DlAUqK2U.js                                [39m[1m[2m  0.09 kB[22m[1m[22m[2m │ gzip:   0.10 kB[22m
[2mpublic/build/[22m[36massets/check-DJ944RwS.js                                                    [39m[1m[2m  0.13 kB[22m[1m[22m[2m │ gzip:   0.15 kB[22m
[2mpublic/build/[22m[36massets/circle-BPAGnIOv.js                                                   [39m[1m[2m  0.14 kB[22m[1m[22m[2m │ gzip:   0.14 kB[22m
[2mpublic/build/[22m[36massets/chevron-up-DYFtpNjh.js                                               [39m[1m[2m  0.14 kB[22m[1m[22m[2m │ gzip:   0.15 kB[22m
[2mpublic/build/[22m[36massets/chevron-down-B_NaQErP.js                                             [39m[1m[2m  0.14 kB[22m[1m[22m[2m │ gzip:   0.15 kB[22m
[2mpublic/build/[22m[36massets/chevron-left-DYjLCTSZ.js                                             [39m[1m[2m  0.14 kB[22m[1m[22m[2m │ gzip:   0.15 kB[22m
[2mpublic/build/[22m[36massets/chevron-right-B6TqFNqg.js                                            [39m[1m[2m  0.14 kB[22m[1m[22m[2m │ gzip:   0.15 kB[22m
[2mpublic/build/[22m[36massets/loader-circle-DteeGzBU.js                                            [39m[1m[2m  0.16 kB[22m[1m[22m[2m │ gzip:   0.16 kB[22m
[2mpublic/build/[22m[36massets/plus-D0tEGST6.js                                                     [39m[1m[2m  0.17 kB[22m[1m[22m[2m │ gzip:   0.16 kB[22m
[2mpublic/build/[22m[36massets/cloud-D38GNwjZ.js                                                    [39m[1m[2m  0.17 kB[22m[1m[22m[2m │ gzip:   0.17 kB[22m
[2mpublic/build/[22m[36massets/arrow-up-right-BUfxKWwc.js                                           [39m[1m[2m  0.18 kB[22m[1m[22m[2m │ gzip:   0.17 kB[22m
[2mpublic/build/[22m[36massets/search-9lDY3b3l.js                                                   [39m[1m[2m  0.18 kB[22m[1m[22m[2m │ gzip:   0.17 kB[22m
[2mpublic/build/[22m[36massets/circle-check-Bi9Xmlom.js                                             [39m[1m[2m  0.18 kB[22m[1m[22m[2m │ gzip:   0.17 kB[22m
[2mpublic/build/[22m[36massets/clock-CN8KubS7.js                                                    [39m[1m[2m  0.19 kB[22m[1m[22m[2m │ gzip:   0.18 kB[22m
[2mpublic/build/[22m[36massets/terminal-C7UuWrda.js                                                 [39m[1m[2m  0.20 kB[22m[1m[22m[2m │ gzip:   0.19 kB[22m
[2mpublic/build/[22m[36massets/smartphone-CYbcZnlg.js                                               [39m[1m[2m  0.21 kB[22m[1m[22m[2m │ gzip:   0.19 kB[22m
[2mpublic/build/[22m[36massets/info-Cm_QQO__.js                                                     [39m[1m[2m  0.21 kB[22m[1m[22m[2m │ gzip:   0.18 kB[22m
[2mpublic/build/[22m[36massets/rotate-ccw-CPPDUzt1.js                                               [39m[1m[2m  0.21 kB[22m[1m[22m[2m │ gzip:   0.19 kB[22m
[2mpublic/build/[22m[36massets/circle-x-BMMTN5aS.js                                                 [39m[1m[2m  0.21 kB[22m[1m[22m[2m │ gzip:   0.18 kB[22m
[2mpublic/build/[22m[36massets/toggle-left-BPVAqJqi.js                                              [39m[1m[2m  0.22 kB[22m[1m[22m[2m │ gzip:   0.19 kB[22m
[2mpublic/build/[22m[36massets/credit-card-BALkN1QW.js                                              [39m[1m[2m  0.22 kB[22m[1m[22m[2m │ gzip:   0.20 kB[22m
[2mpublic/build/[22m[36massets/undo-2-Di3rMf38.js                                                   [39m[1m[2m  0.22 kB[22m[1m[22m[2m │ gzip:   0.18 kB[22m
[2mpublic/build/[22m[36massets/copy-BIRNYvOT.js                                                     [39m[1m[2m  0.24 kB[22m[1m[22m[2m │ gzip:   0.21 kB[22m
[2mpublic/build/[22m[36massets/activity-DzEtYjJ4.js                                                 [39m[1m[2m  0.25 kB[22m[1m[22m[2m │ gzip:   0.21 kB[22m
[2mpublic/build/[22m[36massets/timer-DznZxEW4.js                                                    [39m[1m[2m  0.25 kB[22m[1m[22m[2m │ gzip:   0.19 kB[22m
[2mpublic/build/[22m[36massets/arrow-up-down-CyC-ikif.js                                            [39m[1m[2m  0.26 kB[22m[1m[22m[2m │ gzip:   0.20 kB[22m
[2mpublic/build/[22m[36massets/circle-alert-DkhyxxWX.js                                             [39m[1m[2m  0.26 kB[22m[1m[22m[2m │ gzip:   0.19 kB[22m
[2mpublic/build/[22m[36massets/external-link-BUGfHjrS.js                                            [39m[1m[2m  0.26 kB[22m[1m[22m[2m │ gzip:   0.21 kB[22m
[2mpublic/build/[22m[36massets/log-in-DxAJ_jBQ.js                                                   [39m[1m[2m  0.27 kB[22m[1m[22m[2m │ gzip:   0.23 kB[22m
[2mpublic/build/[22m[36massets/zap-ZpEuA8PK.js                                                      [39m[1m[2m  0.27 kB[22m[1m[22m[2m │ gzip:   0.22 kB[22m
[2mpublic/build/[22m[36massets/download-CvNz3NKc.js                                                 [39m[1m[2m  0.27 kB[22m[1m[22m[2m │ gzip:   0.23 kB[22m
[2mpublic/build/[22m[36massets/triangle-alert-B6uvZR4J.js                                           [39m[1m[2m  0.28 kB[22m[1m[22m[2m │ gzip:   0.22 kB[22m
[2mpublic/build/[22m[36massets/arrow-up-BMHWpbSP.js                                                 [39m[1m[2m  0.28 kB[22m[1m[22m[2m │ gzip:   0.21 kB[22m
[2mpublic/build/[22m[36massets/pencil-BcLmXIJC.js                                                   [39m[1m[2m  0.29 kB[22m[1m[22m[2m │ gzip:   0.23 kB[22m
[2mpublic/build/[22m[36massets/InputError.vue_vue_type_script_setup_true_lang-Oo4V1TZo.js           [39m[1m[2m  0.29 kB[22m[1m[22m[2m │ gzip:   0.24 kB[22m
[2mpublic/build/[22m[36massets/send-DP8inZeh.js                                                     [39m[1m[2m  0.30 kB[22m[1m[22m[2m │ gzip:   0.24 kB[22m
[2mpublic/build/[22m[36massets/play-T-7gMZyw.js                                                     [39m[1m[2m  0.30 kB[22m[1m[22m[2m │ gzip:   0.22 kB[22m
[2mpublic/build/[22m[36massets/pencil-line-VgIGzLtq.js                                              [39m[1m[2m  0.33 kB[22m[1m[22m[2m │ gzip:   0.25 kB[22m
[2mpublic/build/[22m[36massets/shield-check-5W2NSAbq.js                                             [39m[1m[2m  0.33 kB[22m[1m[22m[2m │ gzip:   0.26 kB[22m
[2mpublic/build/[22m[36massets/refresh-cw-B4I-tE4I.js                                               [39m[1m[2m  0.33 kB[22m[1m[22m[2m │ gzip:   0.23 kB[22m
[2mpublic/build/[22m[36massets/save-BYyilgWr.js                                                     [39m[1m[2m  0.34 kB[22m[1m[22m[2m │ gzip:   0.24 kB[22m
[2mpublic/build/[22m[36massets/scan-line-Du8EFV-l.js                                                [39m[1m[2m  0.34 kB[22m[1m[22m[2m │ gzip:   0.23 kB[22m
[2mpublic/build/[22m[36massets/file-text-BPRg-LR2.js                                                [39m[1m[2m  0.34 kB[22m[1m[22m[2m │ gzip:   0.23 kB[22m
[2mpublic/build/[22m[36massets/circle-stop-BhVz6Dbc.js                                              [39m[1m[2m  0.35 kB[22m[1m[22m[2m │ gzip:   0.23 kB[22m
[2mpublic/build/[22m[36massets/server-M8hYy70L.js                                                   [39m[1m[2m  0.35 kB[22m[1m[22m[2m │ gzip:   0.22 kB[22m
[2mpublic/build/[22m[36massets/scroll-text-oH-QlJve.js                                              [39m[1m[2m  0.36 kB[22m[1m[22m[2m │ gzip:   0.24 kB[22m
[2mpublic/build/[22m[36massets/AppLayout.vue_vue_type_script_setup_true_lang-CDu5C6NJ.js            [39m[1m[2m  0.36 kB[22m[1m[22m[2m │ gzip:   0.27 kB[22m
[2mpublic/build/[22m[36massets/DialogFooter.vue_vue_type_script_setup_true_lang-D9qFeLfa.js         [39m[1m[2m  0.37 kB[22m[1m[22m[2m │ gzip:   0.28 kB[22m
[2mpublic/build/[22m[36massets/Spinner.vue_vue_type_script_setup_true_lang-DRRxc679.js              [39m[1m[2m  0.37 kB[22m[1m[22m[2m │ gzip:   0.28 kB[22m
[2mpublic/build/[22m[36massets/trash-2-Z_3x-2MY.js                                                  [39m[1m[2m  0.37 kB[22m[1m[22m[2m │ gzip:   0.26 kB[22m
[2mpublic/build/[22m[36massets/index-QoiX--gZ.js                                                    [39m[1m[2m  0.37 kB[22m[1m[22m[2m │ gzip:   0.22 kB[22m
[2mpublic/build/[22m[36massets/package-DNKzS4IT.js                                                  [39m[1m[2m  0.40 kB[22m[1m[22m[2m │ gzip:   0.26 kB[22m
[2mpublic/build/[22m[36massets/pen-BDUosNv5.js                                                      [39m[1m[2m  0.43 kB[22m[1m[22m[2m │ gzip:   0.28 kB[22m
[2mpublic/build/[22m[36massets/TextLink.vue_vue_type_script_setup_true_lang-CJA7Kv0G.js             [39m[1m[2m  0.52 kB[22m[1m[22m[2m │ gzip:   0.35 kB[22m
[2mpublic/build/[22m[36massets/puzzle-BZP4zm61.js                                                   [39m[1m[2m  0.58 kB[22m[1m[22m[2m │ gzip:   0.27 kB[22m
[2mpublic/build/[22m[36massets/DialogDescription.vue_vue_type_script_setup_true_lang-BJUeNds8.js    [39m[1m[2m  0.63 kB[22m[1m[22m[2m │ gzip:   0.42 kB[22m
[2mpublic/build/[22m[36massets/eye-C4XotIAg.js                                                      [39m[1m[2m  0.65 kB[22m[1m[22m[2m │ gzip:   0.35 kB[22m
[2mpublic/build/[22m[36massets/createLucideIcon-CoZlq9ov.js                                         [39m[1m[2m  0.69 kB[22m[1m[22m[2m │ gzip:   0.45 kB[22m
[2mpublic/build/[22m[36massets/useForwardPropsEmits-B1RYwbEt.js                                     [39m[1m[2m  0.70 kB[22m[1m[22m[2m │ gzip:   0.42 kB[22m
[2mpublic/build/[22m[36massets/mail-BcIk-dkq.js                                                     [39m[1m[2m  0.87 kB[22m[1m[22m[2m │ gzip:   0.40 kB[22m
[2mpublic/build/[22m[36massets/usePublicLang-B3NBU2b_.js                                            [39m[1m[2m  0.97 kB[22m[1m[22m[2m │ gzip:   0.53 kB[22m
[2mpublic/build/[22m[36massets/Label.vue_vue_type_script_setup_true_lang-IhCc35Wo.js                [39m[1m[2m  1.04 kB[22m[1m[22m[2m │ gzip:   0.55 kB[22m
[2mpublic/build/[22m[36massets/Switch.vue_vue_type_script_setup_true_lang-DW8bxfQ6.js               [39m[1m[2m  1.09 kB[22m[1m[22m[2m │ gzip:   0.59 kB[22m
[2mpublic/build/[22m[36massets/Input.vue_vue_type_script_setup_true_lang-CIcm4hqe.js                [39m[1m[2m  1.16 kB[22m[1m[22m[2m │ gzip:   0.64 kB[22m
[2mpublic/build/[22m[36massets/DataTablePagination.vue_vue_type_script_setup_true_lang-yf2C7DAp.js  [39m[1m[2m  1.24 kB[22m[1m[22m[2m │ gzip:   0.62 kB[22m
[2mpublic/build/[22m[36massets/CardTitle.vue_vue_type_script_setup_true_lang-BgprI0lO.js            [39m[1m[2m  1.30 kB[22m[1m[22m[2m │ gzip:   0.50 kB[22m
[2mpublic/build/[22m[36massets/index-BTnYw6RG.js                                                    [39m[1m[2m  1.38 kB[22m[1m[22m[2m │ gzip:   0.68 kB[22m
[2mpublic/build/[22m[36massets/VerifyEmail-Ptqjbv32.js                                              [39m[1m[2m  1.44 kB[22m[1m[22m[2m │ gzip:   0.78 kB[22m
[2mpublic/build/[22m[36massets/TableCell.vue_vue_type_script_setup_true_lang-C10PdRKF.js            [39m[1m[2m  1.47 kB[22m[1m[22m[2m │ gzip:   0.53 kB[22m
[2mpublic/build/[22m[36massets/index-B9UEFJbs.js                                                    [39m[1m[2m  1.50 kB[22m[1m[22m[2m │ gzip:   0.52 kB[22m
[2mpublic/build/[22m[36massets/ConfirmPassword-D2IMIPxA.js                                          [39m[1m[2m  1.71 kB[22m[1m[22m[2m │ gzip:   0.85 kB[22m
[2mpublic/build/[22m[36massets/Index-CobHYm8z.js                                                    [39m[1m[2m  1.79 kB[22m[1m[22m[2m │ gzip:   0.89 kB[22m
[2mpublic/build/[22m[36massets/AuthLayout.vue_vue_type_script_setup_true_lang-CXJix5W2.js           [39m[1m[2m  2.06 kB[22m[1m[22m[2m │ gzip:   1.04 kB[22m
[2mpublic/build/[22m[36massets/ForgotPassword-CiUhOJko.js                                           [39m[1m[2m  2.14 kB[22m[1m[22m[2m │ gzip:   1.03 kB[22m
[2mpublic/build/[22m[36massets/ResetPassword-CXROxRWW.js                                            [39m[1m[2m  2.53 kB[22m[1m[22m[2m │ gzip:   1.04 kB[22m
[2mpublic/build/[22m[36massets/index-kHxRQwS7.js                                                    [39m[1m[2m  2.76 kB[22m[1m[22m[2m │ gzip:   0.71 kB[22m
[2mpublic/build/[22m[36massets/Appearance-CJGaA7z-.js                                               [39m[1m[2m  2.77 kB[22m[1m[22m[2m │ gzip:   1.35 kB[22m
[2mpublic/build/[22m[36massets/DialogTitle.vue_vue_type_script_setup_true_lang-Dw5-pTmZ.js          [39m[1m[2m  3.14 kB[22m[1m[22m[2m │ gzip:   1.32 kB[22m
[2mpublic/build/[22m[36massets/Layout.vue_vue_type_script_setup_true_lang-Di0ALNYh.js               [39m[1m[2m  3.27 kB[22m[1m[22m[2m │ gzip:   1.36 kB[22m
[2mpublic/build/[22m[36massets/TwoFactorChallenge-Db5fr2xI.js                                       [39m[1m[2m  3.31 kB[22m[1m[22m[2m │ gzip:   1.31 kB[22m
[2mpublic/build/[22m[36massets/index-dTeW3-Go.js                                                    [39m[1m[2m  3.49 kB[22m[1m[22m[2m │ gzip:   1.09 kB[22m
[2mpublic/build/[22m[36massets/Register-BbzxEQnK.js                                                 [39m[1m[2m  4.00 kB[22m[1m[22m[2m │ gzip:   1.51 kB[22m
[2mpublic/build/[22m[36massets/Password-DIvHOCa9.js                                                 [39m[1m[2m  4.15 kB[22m[1m[22m[2m │ gzip:   1.52 kB[22m
[2mpublic/build/[22m[36massets/Login-BsPYP7Ic.js                                                    [39m[1m[2m  4.57 kB[22m[1m[22m[2m │ gzip:   1.80 kB[22m
[2mpublic/build/[22m[36massets/useForwardExpose-blqrO72D.js                                         [39m[1m[2m  5.45 kB[22m[1m[22m[2m │ gzip:   2.41 kB[22m
[2mpublic/build/[22m[36massets/index-BfIqpL0c.js                                                    [39m[1m[2m  5.82 kB[22m[1m[22m[2m │ gzip:   2.74 kB[22m
[2mpublic/build/[22m[36massets/Index-RRLNzJh3.js                                                    [39m[1m[2m  7.05 kB[22m[1m[22m[2m │ gzip:   2.95 kB[22m
[2mpublic/build/[22m[36massets/VisuallyHidden-LkW1TJIT.js                                           [39m[1m[2m  8.58 kB[22m[1m[22m[2m │ gzip:   3.62 kB[22m
[2mpublic/build/[22m[36massets/Profile-BbWny4Zw.js                                                  [39m[1m[2m  8.60 kB[22m[1m[22m[2m │ gzip:   3.02 kB[22m
[2mpublic/build/[22m[36massets/Checkbox.vue_vue_type_script_setup_true_lang-BrSRk1AB.js             [39m[1m[2m 10.73 kB[22m[1m[22m[2m │ gzip:   3.99 kB[22m
[2mpublic/build/[22m[36massets/Index-DYZ-d19x.js                                                    [39m[1m[2m 12.04 kB[22m[1m[22m[2m │ gzip:   4.03 kB[22m
[2mpublic/build/[22m[36massets/Landing-JKYhv8h-.js                                                  [39m[1m[2m 12.21 kB[22m[1m[22m[2m │ gzip:   4.55 kB[22m
[2mpublic/build/[22m[36massets/index-BBRHACPK.js                                                    [39m[1m[2m 12.96 kB[22m[1m[22m[2m │ gzip:   5.01 kB[22m
[2mpublic/build/[22m[36massets/Index-DtxZLcdl.js                                                    [39m[1m[2m 13.55 kB[22m[1m[22m[2m │ gzip:   4.10 kB[22m
[2mpublic/build/[22m[36massets/Index-BpBFf06e.js                                                    [39m[1m[2m 13.91 kB[22m[1m[22m[2m │ gzip:   4.27 kB[22m
[2mpublic/build/[22m[36massets/AutomationLog-DFi_Addb.js                                            [39m[1m[2m 14.78 kB[22m[1m[22m[2m │ gzip:   4.91 kB[22m
[2mpublic/build/[22m[36massets/Index-CI-2GmKy.js                                                    [39m[1m[2m 17.11 kB[22m[1m[22m[2m │ gzip:   5.15 kB[22m
[2mpublic/build/[22m[36massets/TwoFactor-CqWioTpC.js                                                [39m[1m[2m 18.53 kB[22m[1m[22m[2m │ gzip:   6.07 kB[22m
[2mpublic/build/[22m[36massets/Index-BL327Vfl.js                                                    [39m[1m[2m 19.11 kB[22m[1m[22m[2m │ gzip:   6.05 kB[22m
[2mpublic/build/[22m[36massets/Index-BF174hEe.js                                                    [39m[1m[2m 20.75 kB[22m[1m[22m[2m │ gzip:   6.18 kB[22m
[2mpublic/build/[22m[36massets/Index-CLhEVFfb.js                                                    [39m[1m[2m 26.83 kB[22m[1m[22m[2m │ gzip:   7.95 kB[22m
[2mpublic/build/[22m[36massets/Dashboard-BatkB8L5.js                                                [39m[1m[2m 27.46 kB[22m[1m[22m[2m │ gzip:   6.15 kB[22m
[2mpublic/build/[22m[36massets/index-BxH8y1zF.js                                                    [39m[1m[2m 28.76 kB[22m[1m[22m[2m │ gzip:   9.57 kB[22m
[2mpublic/build/[22m[36massets/Index-pXkiTtYV.js                                                    [39m[1m[2m 29.56 kB[22m[1m[22m[2m │ gzip:   7.39 kB[22m
[2mpublic/build/[22m[36massets/Landing-TNQaXvad.js                                                  [39m[1m[2m 29.73 kB[22m[1m[22m[2m │ gzip:  10.08 kB[22m
[2mpublic/build/[22m[36massets/Index-D4CcxJvi.js                                                    [39m[1m[2m 39.56 kB[22m[1m[22m[2m │ gzip:  11.00 kB[22m
[2mpublic/build/[22m[36massets/Index-DvV6lbAM.js                                                    [39m[1m[2m 42.71 kB[22m[1m[22m[2m │ gzip:   9.72 kB[22m
[2mpublic/build/[22m[36massets/Index-DidB1ubQ.js                                                    [39m[1m[2m 44.11 kB[22m[1m[22m[2m │ gzip:  10.92 kB[22m
[2mpublic/build/[22m[36massets/Index-DTAV-f1m.js                                                    [39m[1m[2m 46.04 kB[22m[1m[22m[2m │ gzip:   8.31 kB[22m
[2mpublic/build/[22m[36massets/Welcome-BOhVmCb8.js                                                  [39m[1m[2m 47.36 kB[22m[1m[22m[2m │ gzip:   8.83 kB[22m
[2mpublic/build/[22m[36massets/Index-BuF6ZqDV.js                                                    [39m[1m[2m 48.46 kB[22m[1m[22m[2m │ gzip:  11.57 kB[22m
[2mpublic/build/[22m[36massets/Index-Bz3wOXnc.js                                                    [39m[1m[2m 51.06 kB[22m[1m[22m[2m │ gzip:  12.41 kB[22m
[2mpublic/build/[22m[36massets/Index-CPbSfj6S.js                                                    [39m[1m[2m 56.34 kB[22m[1m[22m[2m │ gzip:  16.06 kB[22m
[2mpublic/build/[22m[36massets/Index-D4EJ0FsP.js                                                    [39m[1m[2m 56.73 kB[22m[1m[22m[2m │ gzip:  13.68 kB[22m
[2mpublic/build/[22m[36massets/Index-BsvleSQt.js                                                    [39m[1m[2m 60.11 kB[22m[1m[22m[2m │ gzip:  14.19 kB[22m
[2mpublic/build/[22m[36massets/Index-BX1N00sQ.js                                                    [39m[1m[2m 86.44 kB[22m[1m[22m[2m │ gzip:  20.26 kB[22m
[2mpublic/build/[22m[36massets/Index-C5oW-3-2.js                                                    [39m[1m[2m104.14 kB[22m[1m[22m[2m │ gzip:  33.35 kB[22m
[2mpublic/build/[22m[36massets/Index-ZV2cUIRm.js                                                    [39m[1m[2m118.62 kB[22m[1m[22m[2m │ gzip:  26.46 kB[22m
[2mpublic/build/[22m[36massets/AppSidebarLayout.vue_vue_type_script_setup_true_lang-CSLWTG4v.js     [39m[1m[2m129.62 kB[22m[1m[22m[2m │ gzip:  36.32 kB[22m
[2mpublic/build/[22m[36massets/app-B1Zb6IqD.js                                                      [39m[1m[2m373.48 kB[22m[1m[22m[2m │ gzip: 126.73 kB[22m
[2mpublic/build/[22m[36massets/index-D9qe3qV1.js                                                    [39m[1m[33m509.80 kB[39m[22m[2m │ gzip: 129.89 kB[22m
[32m✓ built in 1m 17s[39m
