
> dev
> vite

[2m18:19:19[22m [36m[1m[vite][22m[39m [90m[2m(client)[22m[39m info: Types generated for actions, routes, form variants
  Plugin: [35m@laravel/vite-plugin-wayfinder[39m

  [32m[1mVITE[22m v7.3.1[39m  [2mready in [0m[1m17976[22m[2m[0m ms[22m

  [32m➜[39m  [1mLocal[22m:   [36mhttp://localhost:[1m5173[22m/[39m
[2m[32m  ➜[39m[22m[2m  press [22m[1mh + enter[22m[2m to show help[22m

  [31m[1mLARAVEL[22m v12.50.0[39m  [2mplugin[22m [1mv2.1.0[22m

  [32m➜[39m  [1mAPP_URL[22m: [36mhttp://localhost:[1m8000[22m[39m
[2m18:56:17[22m [36m[1m[vite][22m[39m [90m[2m(client)[22m[39m [32mhmr update [39m[2m/resources/js/components/AppSidebar.vue, /resources/js/components/UserMenuContent.vue, /resources/js/layouts/auth/AuthSplitLayout.vue[22m
[2m18:56:17[22m [36m[1m[vite][22m[39m [90m[2m(client)[22m[39m [32mhmr update [39m[2m/resources/js/pages/auth/Login.vue[22m
[2m18:56:17[22m [36m[1m[vite][22m[39m [90m[2m(client)[22m[39m [32mhmr update [39m[2m/resources/js/pages/auth/Login.vue[22m
[2m18:56:17[22m [36m[1m[vite][22m[39m [90m[2m(client)[22m[39m [32mpage reload [39m[2mresources/js/routes/password/confirm/index.ts[22m
[2m18:56:17[22m [36m[1m[vite][22m[39m [90m[2m(client)[22m[39m [32mhmr update [39m[2m/resources/js/pages/auth/Login.vue[22m
[2m18:56:17[22m [36m[1m[vite][22m[39m [90m[2m(client)[22m[39m [32mhmr update [39m[2m/resources/js/components/UserMenuContent.vue[22m
[2m18:56:17[22m [36m[1m[vite][22m[39m [90m[2m(client)[22m[39m [32mhmr update [39m[2m/resources/js/components/UserMenuContent.vue[22m
[2m18:56:19[22m [36m[1m[vite][22m[39m [90m[2m(client)[22m[39m [32mhmr update [39m[2m/resources/js/components/AppSidebar.vue, /resources/js/components/UserMenuContent.vue, /resources/js/layouts/auth/AuthSplitLayout.vue[22m
[2m18:56:19[22m [36m[1m[vite][22m[39m [90m[2m(client)[22m[39m [32mhmr update [39m[2m/resources/js/components/AppSidebar.vue, /resources/js/components/UserMenuContent.vue, /resources/js/layouts/auth/AuthSplitLayout.vue[22m
[2m18:56:19[22m [36m[1m[vite][22m[39m [90m[2m(client)[22m[39m [32mhmr update [39m[2m/resources/js/pages/auth/Login.vue[22m
[2m18:56:19[22m [36m[1m[vite][22m[39m [90m[2m(client)[22m[39m [32mhmr update [39m[2m/resources/js/pages/auth/Login.vue[22m
[2m18:56:19[22m [36m[1m[vite][22m[39m [90m[2m(client)[22m[39m [32mhmr update [39m[2m/resources/js/pages/auth/Login.vue[22m
[2m18:56:19[22m [36m[1m[vite][22m[39m [90m[2m(client)[22m[39m [32mhmr update [39m[2m/resources/js/pages/auth/Login.vue[22m
[2m18:56:20[22m [36m[1m[vite][22m[39m [90m[2m(client)[22m[39m [32mpage reload [39m[2mresources/js/routes/password/confirm/index.ts[22m
[2m18:56:21[22m [36m[1m[vite][22m[39m [90m[2m(client)[22m[39m [32mhmr update [39m[2m/resources/js/components/UserMenuContent.vue[22m
[2m18:56:23[22m [36m[1m[vite][22m[39m [90m[2m(client)[22m[39m [32mhmr update [39m[2m/resources/js/components/UserMenuContent.vue[22m
[2m18:56:23[22m [36m[1m[vite][22m[39m [90m[2m(client)[22m[39m [32mhmr update [39m[2m/resources/js/components/AppSidebar.vue, /resources/js/components/UserMenuContent.vue, /resources/js/layouts/auth/AuthSplitLayout.vue, /resources/js/pages/auth/Login.vue[22m
[2m19:14:48[22m [36m[1m[vite][22m[39m [90m[2m(client)[22m[39m [32mhmr update [39m[2m/resources/js/components/AppSidebar.vue, /resources/js/components/UserMenuContent.vue, /resources/js/layouts/auth/AuthSplitLayout.vue[22m
[2m19:14:48[22m [36m[1m[vite][22m[39m [90m[2m(client)[22m[39m [32mhmr update [39m[2m/resources/js/pages/auth/Login.vue[22m
[2m19:14:48[22m [36m[1m[vite][22m[39m [90m[2m(client)[22m[39m [32mhmr update [39m[2m/resources/js/pages/auth/Login.vue[22m
[2m19:14:48[22m [36m[1m[vite][22m[39m [90m[2m(client)[22m[39m [32mpage reload [39m[2mresources/js/routes/password/confirm/index.ts[22m
[2m19:14:48[22m [36m[1m[vite][22m[39m [90m[2m(client)[22m[39m [32mhmr update [39m[2m/resources/js/pages/auth/Login.vue[22m
[2m19:14:48[22m [36m[1m[vite][22m[39m [90m[2m(client)[22m[39m [32mhmr update [39m[2m/resources/js/components/UserMenuContent.vue[22m
[2m19:14:48[22m [36m[1m[vite][22m[39m [90m[2m(client)[22m[39m [32mhmr update [39m[2m/resources/js/components/UserMenuContent.vue[22m
[2m19:14:49[22m [36m[1m[vite][22m[39m [90m[2m(client)[22m[39m [32mhmr update [39m[2m/resources/js/components/AppSidebar.vue, /resources/js/components/UserMenuContent.vue, /resources/js/layouts/auth/AuthSplitLayout.vue[22m
[2m19:14:49[22m [36m[1m[vite][22m[39m [90m[2m(client)[22m[39m [32mhmr update [39m[2m/resources/js/components/AppSidebar.vue, /resources/js/components/UserMenuContent.vue, /resources/js/layouts/auth/AuthSplitLayout.vue[22m
[2m19:14:49[22m [36m[1m[vite][22m[39m [90m[2m(client)[22m[39m [32mhmr update [39m[2m/resources/js/pages/auth/Login.vue[22m
[2m19:14:49[22m [36m[1m[vite][22m[39m [90m[2m(client)[22m[39m [32mhmr update [39m[2m/resources/js/pages/auth/Login.vue[22m
[2m19:14:49[22m [36m[1m[vite][22m[39m [90m[2m(client)[22m[39m [32mhmr update [39m[2m/resources/js/pages/auth/Login.vue[22m
[2m19:14:49[22m [36m[1m[vite][22m[39m [90m[2m(client)[22m[39m [32mhmr update [39m[2m/resources/js/pages/auth/Login.vue[22m
[2m19:14:49[22m [36m[1m[vite][22m[39m [90m[2m(client)[22m[39m [32mhmr update [39m[2m/resources/js/pages/auth/Login.vue[22m
[2m19:14:49[22m [36m[1m[vite][22m[39m [90m[2m(client)[22m[39m [32mhmr update [39m[2m/resources/js/pages/auth/Login.vue[22m
[2m19:14:49[22m [36m[1m[vite][22m[39m [90m[2m(client)[22m[39m [32mpage reload [39m[2mresources/js/routes/password/confirm/index.ts[22m
[2m19:14:50[22m [36m[1m[vite][22m[39m [90m[2m(client)[22m[39m [32mhmr update [39m[2m/resources/js/components/UserMenuContent.vue[22m
[2m19:14:50[22m [36m[1m[vite][22m[39m [90m[2m(client)[22m[39m [32mhmr update [39m[2m/resources/js/components/UserMenuContent.vue[22m
[2m19:14:51[22m [36m[1m[vite][22m[39m [90m[2m(client)[22m[39m [32mhmr update [39m[2m/resources/js/components/UserMenuContent.vue[22m
[2m19:14:51[22m [36m[1m[vite][22m[39m [90m[2m(client)[22m[39m [32mhmr update [39m[2m/resources/js/components/UserMenuContent.vue[22m
[2m19:14:52[22m [36m[1m[vite][22m[39m [90m[2m(client)[22m[39m [32mpage reload [39m[2mresources/js/wayfinder/index.ts[22m
[2m19:14:52[22m [36m[1m[vite][22m[39m [90m[2m(client)[22m[39m info: Types generated for actions, routes, form variants
  Plugin: [35m@laravel/vite-plugin-wayfinder[39m
[2m19:14:52[22m [36m[1m[vite][22m[39m [90m[2m(client)[22m[39m [32mhmr update [39m[2m/resources/css/app.css[22m
[2m19:21:00[22m [36m[1m[vite][22m[39m [90m[2m(client)[22m[39m [32mhmr update [39m[2m/resources/css/app.css[22m
[2m19:21:19[22m [36m[1m[vite][22m[39m [90m[2m(client)[22m[39m [32mhmr update [39m[2m/resources/css/app.css[22m
[2m19:24:08[22m [36m[1m[vite][22m[39m [90m[2m(client)[22m[39m [32mhmr update [39m[2m/resources/css/app.css[22m
[2m19:39:43[22m [36m[1m[vite][22m[39m [90m[2m(client)[22m[39m [32mhmr update [39m[2m/resources/css/app.css[22m
[2m19:39:43[22m [36m[1m[vite][22m[39m [90m[2m(client)[22m[39m [32mhmr update [39m[2m/resources/css/app.css[22m
[2m19:40:18[22m [36m[1m[vite][22m[39m [90m[2m(client)[22m[39m [32mhmr update [39m[2m/resources/css/app.css[22m
[2m19:40:47[22m [36m[1m[vite][22m[39m [90m[2m(client)[22m[39m [32mhmr update [39m[2m/resources/css/app.css[22m
[2m19:51:42[22m [36m[1m[vite][22m[39m [90m[2m(client)[22m[39m [32mhmr update [39m[2m/resources/css/app.css[22m
[2m19:51:55[22m [36m[1m[vite][22m[39m [90m[2m(client)[22m[39m [32mhmr update [39m[2m/resources/css/app.css[22m
[2m19:54:24[22m [36m[1m[vite][22m[39m [90m[2m(client)[22m[39m [32mhmr update [39m[2m/resources/css/app.css[22m
[2m19:54:39[22m [36m[1m[vite][22m[39m [90m[2m(client)[22m[39m [32mhmr update [39m[2m/resources/css/app.css[22m
[2m19:57:51[22m [36m[1m[vite][22m[39m [90m[2m(client)[22m[39m [32mhmr update [39m[2m/resources/css/app.css[22m
[2m20:03:30[22m [36m[1m[vite][22m[39m [90m[2m(client)[22m[39m [32mhmr update [39m[2m/resources/css/app.css[22m
[2m20:40:35[22m [36m[1m[vite][22m[39m [90m[2m(client)[22m[39m [32mhmr update [39m[2m/resources/css/app.css[22m
[2m20:40:35[22m [36m[1m[vite][22m[39m [90m[2m(client)[22m[39m [32mhmr update [39m[2m/resources/css/app.css[22m
[2m20:49:12[22m [36m[1m[vite][22m[39m [90m[2m(client)[22m[39m [32mhmr update [39m[2m/resources/css/app.css[22m
[2m20:49:12[22m [36m[1m[vite][22m[39m [90m[2m(client)[22m[39m [32mhmr update [39m[2m/resources/css/app.css[22m
[2m20:49:23[22m [36m[1m[vite][22m[39m [90m[2m(client)[22m[39m [32mhmr update [39m[2m/resources/css/app.css[22m
[2m20:49:31[22m [36m[1m[vite][22m[39m [90m[2m(client)[22m[39m [32mhmr update [39m[2m/resources/css/app.css[22m
[2m20:49:39[22m [36m[1m[vite][22m[39m [90m[2m(client)[22m[39m [32mhmr update [39m[2m/resources/css/app.css[22m
[2m20:54:51[22m [36m[1m[vite][22m[39m [90m[2m(client)[22m[39m [32mhmr update [39m[2m/resources/css/app.css[22m
[2m20:54:51[22m [36m[1m[vite][22m[39m [90m[2m(client)[22m[39m [32mhmr update [39m[2m/resources/css/app.css[22m
[2m20:56:27[22m [36m[1m[vite][22m[39m [90m[2m(client)[22m[39m [32mhmr update [39m[2m/resources/css/app.css[22m
[2m20:56:33[22m [36m[1m[vite][22m[39m [90m[2m(client)[22m[39m [32mhmr update [39m[2m/resources/css/app.css[22m
[2m21:00:06[22m [36m[1m[vite][22m[39m [90m[2m(client)[22m[39m [32mhmr update [39m[2m/resources/css/app.css[22m
[2m21:00:06[22m [36m[1m[vite][22m[39m [90m[2m(client)[22m[39m [32mhmr update [39m[2m/resources/css/app.css[22m
[2m21:00:27[22m [36m[1m[vite][22m[39m [90m[2m(client)[22m[39m [32mhmr update [39m[2m/resources/css/app.css[22m
[2m21:04:09[22m [36m[1m[vite][22m[39m [90m[2m(client)[22m[39m [32mhmr update [39m[2m/resources/css/app.css[22m
[2m21:05:59[22m [36m[1m[vite][22m[39m [90m[2m(client)[22m[39m [32mhmr update [39m[2m/resources/css/app.css[22m
[2m21:06:14[22m [36m[1m[vite][22m[39m [90m[2m(client)[22m[39m [32mhmr update [39m[2m/resources/css/app.css[22m
[2m21:06:34[22m [36m[1m[vite][22m[39m [90m[2m(client)[22m[39m [32mhmr update [39m[2m/resources/css/app.css[22m
[2m21:06:47[22m [36m[1m[vite][22m[39m [90m[2m(client)[22m[39m [32mhmr update [39m[2m/resources/css/app.css[22m
[2m21:07:29[22m [36m[1m[vite][22m[39m [90m[2m(client)[22m[39m [32mhmr update [39m[2m/resources/css/app.css[22m
[2m21:31:43[22m [36m[1m[vite][22m[39m [90m[2m(client)[22m[39m [32mhmr update [39m[2m/resources/css/app.css[22m
[2m21:31:50[22m [36m[1m[vite][22m[39m [90m[2m(client)[22m[39m [32mhmr update [39m[2m/resources/css/app.css[22m
[2m21:32:29[22m [36m[1m[vite][22m[39m [90m[2m(client)[22m[39m [32mhmr update [39m[2m/resources/css/app.css[22m
[2m21:32:52[22m [36m[1m[vite][22m[39m [90m[2m(client)[22m[39m [32mhmr update [39m[2m/resources/css/app.css[22m
[2m21:33:27[22m [36m[1m[vite][22m[39m [90m[2m(client)[22m[39m [32mhmr update [39m[2m/resources/css/app.css[22m
[2m21:38:38[22m [36m[1m[vite][22m[39m [90m[2m(client)[22m[39m [32mhmr update [39m[2m/resources/css/app.css[22m
[2m21:38:52[22m [36m[1m[vite][22m[39m [90m[2m(client)[22m[39m [32mhmr update [39m[2m/resources/css/app.css[22m
[2m21:41:11[22m [36m[1m[vite][22m[39m [90m[2m(client)[22m[39m [32mhmr update [39m[2m/resources/css/app.css[22m
[2m21:42:03[22m [36m[1m[vite][22m[39m [90m[2m(client)[22m[39m [32mhmr update [39m[2m/resources/css/app.css[22m
[2m21:43:10[22m [36m[1m[vite][22m[39m [90m[2m(client)[22m[39m [32mhmr update [39m[2m/resources/css/app.css[22m
[2m21:43:20[22m [36m[1m[vite][22m[39m [90m[2m(client)[22m[39m [32mhmr update [39m[2m/resources/css/app.css[22m
[2m21:45:07[22m [36m[1m[vite][22m[39m [90m[2m(client)[22m[39m [32mhmr update [39m[2m/resources/css/app.css[22m
[2m21:48:55[22m [36m[1m[vite][22m[39m [90m[2m(client)[22m[39m [32mhmr update [39m[2m/resources/css/app.css[22m
[2m21:48:55[22m [36m[1m[vite][22m[39m [90m[2m(client)[22m[39m [32mhmr update [39m[2m/resources/css/app.css[22m
[2m21:49:05[22m [36m[1m[vite][22m[39m [90m[2m(client)[22m[39m [32mhmr update [39m[2m/resources/css/app.css[22m
[2m21:49:20[22m [36m[1m[vite][22m[39m [90m[2m(client)[22m[39m [32mhmr update [39m[2m/resources/css/app.css[22m
[2m21:49:39[22m [36m[1m[vite][22m[39m [90m[2m(client)[22m[39m [32mhmr update [39m[2m/resources/css/app.css[22m
[2m21:49:46[22m [36m[1m[vite][22m[39m [90m[2m(client)[22m[39m [32mhmr update [39m[2m/resources/css/app.css[22m
[2m21:49:53[22m [36m[1m[vite][22m[39m [90m[2m(client)[22m[39m [32mhmr update [39m[2m/resources/css/app.css[22m
[2m21:50:58[22m [36m[1m[vite][22m[39m [90m[2m(client)[22m[39m [32mhmr update [39m[2m/resources/css/app.css[22m
[2m21:51:40[22m [36m[1m[vite][22m[39m [90m[2m(client)[22m[39m [32mhmr update [39m[2m/resources/css/app.css[22m
[2m21:54:13[22m [36m[1m[vite][22m[39m [90m[2m(client)[22m[39m [32mhmr update [39m[2m/resources/css/app.css[22m
[2m21:54:13[22m [36m[1m[vite][22m[39m [90m[2m(client)[22m[39m [32mhmr update [39m[2m/resources/css/app.css[22m
[2m21:55:23[22m [36m[1m[vite][22m[39m [90m[2m(client)[22m[39m [32mhmr update [39m[2m/resources/css/app.css[22m
[2m21:59:25[22m [36m[1m[vite][22m[39m [90m[2m(client)[22m[39m [32mhmr update [39m[2m/resources/css/app.css[22m
[2m21:59:25[22m [36m[1m[vite][22m[39m [90m[2m(client)[22m[39m [32mhmr update [39m[2m/resources/css/app.css[22m
[2m22:00:17[22m [36m[1m[vite][22m[39m [90m[2m(client)[22m[39m [32mhmr update [39m[2m/resources/css/app.css[22m
